﻿
> leadaki-landing@0.0.0 build
> vite build

[36mvite v5.4.21 [32mbuilding for production...[36m[39m
transforming...
[32mÔ£ô[39m 1889 modules transformed.
node.exe : [31mx[39m 
Build failed in 1.81s
En línea: 1 Carácter: 1
+ & "C:\Program 
Files\nodejs/node.exe" 
"C:\Program 
Files\nodejs/node_mo 
...
+ ~~~~~~~~~~~~~~~~~~~~~
~~~~~~~~~~~~~~~~~~~~~~~
~~~~~~~~~~~~~~~~~~~~~~~
~~
    + CategoryInfo     
         : NotSpecifi  
  ed: ([31mx[39m B   
 uild failed in 1.8    
1s:String) [], Rem    
oteException
    + FullyQualifiedEr 
   rorId : NativeComm  
  andError
 
[31merror during 
build:
[31msrc/pages/WhyLeada
ki.jsx (3:36): 
"ShieldCore" is not 
exported by "node_modul
es/lucide-react/dist/es
m/lucide-react.js", 
imported by "src/pages/
WhyLeadaki.jsx".[31m
file: [36mC:/Users/sop
or/.gemini/antigravity/
scratch/leadaki-landing
/src/pages/WhyLeadaki.j
sx:3:36[31m
[33m
1: import React from 
'react';
2: import { motion } 
from 'framer-motion';
3: import { Network, 
Target, Activity, 
ShieldCore, Layers } 
from 'lucide-react';
                       
                ^
4: 
5: export function 
WhyLeadaki() {
[31m
    at getRollupError (
file:///C:/Users/sopor/
.gemini/antigravity/scr
atch/leadaki-landing/no
de_modules/rollup/dist/
es/shared/parseAst.js:4
01:41)
    at error (file:///C
:/Users/sopor/.gemini/a
ntigravity/scratch/lead
aki-landing/node_module
s/rollup/dist/es/shared
/parseAst.js:397:42)
    at Module.error (fi
le:///C:/Users/sopor/.g
emini/antigravity/scrat
ch/leadaki-landing/node
_modules/rollup/dist/es
/shared/node-entry.js:1
7022:16)
    at 
Module.traceVariable (f
ile:///C:/Users/sopor/.
gemini/antigravity/scra
tch/leadaki-landing/nod
e_modules/rollup/dist/e
s/shared/node-entry.js:
17478:29)
    at ModuleScope.find
Variable (file:///C:/Us
ers/sopor/.gemini/antig
ravity/scratch/leadaki-
landing/node_modules/ro
llup/dist/es/shared/nod
e-entry.js:15141:39)
    at FunctionScope.fi
ndVariable (file:///C:/
Users/sopor/.gemini/ant
igravity/scratch/leadak
i-landing/node_modules/
rollup/dist/es/shared/n
ode-entry.js:5688:38)
    at FunctionBodyScop
e.findVariable (file://
/C:/Users/sopor/.gemini
/antigravity/scratch/le
adaki-landing/node_modu
les/rollup/dist/es/shar
ed/node-entry.js:5688:3
8)
    at Identifier.bind 
(file:///C:/Users/sopor
/.gemini/antigravity/sc
ratch/leadaki-landing/n
ode_modules/rollup/dist
/es/shared/node-entry.j
s:5462:40)
    at Property.bind (f
ile:///C:/Users/sopor/.
gemini/antigravity/scra
tch/leadaki-landing/nod
e_modules/rollup/dist/e
s/shared/node-entry.js:
2829:23)
    at 
ObjectExpression.bind (
file:///C:/Users/sopor/
.gemini/antigravity/scr
atch/leadaki-landing/no
de_modules/rollup/dist/
es/shared/node-entry.js
:2825:28)[39m
